
> regulatory-compliant-stablecoin@1.0.0 compile
> hardhat compile

node.exe : [1m[33mWarning:[39m[22m This 
declaration shadows a builtin symbol.
At line:1 char:1
+ & "C:\Program Files\nodejs/node.exe" 
"C:\Program Files\nodejs/node_mo ...
+ ~~~~~~~~~~~~~~~~~~~~~~~~~~~~~~~~~~~~~~~~~~~~~~
~~~~~~~~~~~~~~~~~~~~~~~
    + CategoryInfo          : NotSpecified: ([ 
   1m[33mWarnin...builtin symbol.:String) [],  
   RemoteException
    + FullyQualifiedErrorId : NativeCommandErro 
   r
 
   --> contracts/DNASequencer.sol:189:13:
    |
189 |             Transaction storage tx = 
transactions[txHash];
    |             ^^^^^^^^^^^^^^^^^^^^^^


[1m[33mWarning:[39m[22m This declaration 
shadows a builtin symbol.
   --> contracts/DNASequencer.sol:243:9:
    |
243 |         Transaction storage tx = 
transactions[txHash];
    |         ^^^^^^^^^^^^^^^^^^^^^^


[1m[33mWarning:[39m[22m This declaration 
shadows an existing declaration.
   --> contracts/ai/AIAgentRegistry.sol:216:13:
    |
216 |             uint256 capabilities,
    |             ^^^^^^^^^^^^^^^^^^^^
Note: The shadowed declaration is here:
  --> contracts/ai/AIAgentRegistry.sol:60:5:
   |
60 |     mapping(bytes32 => AgentCapability) 
public capabilities;
   |     ^^^^^^^^^^^^^^^^^^^^^^^^^^^^^^^^^^^^^^^
^^^^^^^^^^^^^^^^


[1m[33mWarning:[39m[22m This declaration 
shadows an existing declaration.
   --> 
contracts/algorithms/ArbitrageEngine.sol:386:13:
    |
386 |             uint256 minProfitThreshold,
    |             ^^^^^^^^^^^^^^^^^^^^^^^^^^
Note: The shadowed declaration is here:
   --> 
contracts/algorithms/ArbitrageEngine.sol:106:5:
    |
106 |     uint256 public minProfitThreshold = 
50;     // 0.5% BPS
    |     ^^^^^^^^^^^^^^^^^^^^^^^^^^^^^^^^^^^^^^


[1m[33mWarning:[39m[22m This declaration 
shadows a builtin symbol.
   --> 
contracts/cbdc/CBDCInfrastructure.sol:213:9:
    |
213 |         ProgrammableTransaction storage 
tx = programmableTransactions[txId];
    |         ^^^^^^^^^^^^^^^^^^^^^^^^^^^^^^^^^^


[1m[33mWarning:[39m[22m This declaration 
shadows a builtin symbol.
   --> 
contracts/cbdc/CBDCInfrastructure.sol:235:9:
    |
235 |         ProgrammableTransaction storage 
tx = programmableTransactions[_txId];
    |         ^^^^^^^^^^^^^^^^^^^^^^^^^^^^^^^^^^


[1m[33mWarning:[39m[22m This declaration 
shadows a builtin symbol.
   --> 
contracts/cbdc/CBDCInfrastructure.sol:324:9:
    |
324 |         ProgrammableTransaction memory tx 
= programmableTransactions[_txId];
    |         ^^^^^^^^^^^^^^^^^^^^^^^^^^^^^^^^^


[1m[33mWarning:[39m[22m This declaration 
shadows an existing declaration.
   --> contracts/cbdc/PolicyEngine.sol:126:9:
    |
126 |         bytes32[] calldata conditions,
    |         ^^^^^^^^^^^^^^^^^^^^^^^^^^^^^
Note: The shadowed declaration is here:
  --> contracts/cbdc/PolicyEngine.sol:76:5:
   |
76 |     mapping(bytes32 => Condition) public 
conditions;
   |     
^^^^^^^^^^^^^^^^^^^^^^^^^^^^^^^^^^^^^^^^^^^^^^^


[1m[33mWarning:[39m[22m This declaration 
shadows an existing declaration.
   --> contracts/cbdc/PolicyEngine.sol:127:9:
    |
127 |         bytes32[] calldata actions,
    |         ^^^^^^^^^^^^^^^^^^^^^^^^^^
Note: The shadowed declaration is here:
  --> contracts/cbdc/PolicyEngine.sol:77:5:
   |
77 |     mapping(bytes32 => Action) public 
actions;
   |     
^^^^^^^^^^^^^^^^^^^^^^^^^^^^^^^^^^^^^^^^^


[1m[33mWarning:[39m[22m This declaration 
shadows an existing declaration.
   --> contracts/connectors/BlockchainInteropera
bility.sol:352:13:
    |
352 |             uint256 maxTransferAmount,
    |             ^^^^^^^^^^^^^^^^^^^^^^^^^
Note: The shadowed declaration is here:
   --> contracts/connectors/BlockchainInteropera
bility.sol:111:5:
    |
111 |     uint256 public maxTransferAmount = 
1000 ether;
    |     
^^^^^^^^^^^^^^^^^^^^^^^^^^^^^^^^^^^^^^^^^^^^^


[1m[33mWarning:[39m[22m This declaration 
shadows an existing declaration.
   --> contracts/connectors/DecentralizedStorage
.sol:396:13:
    |
396 |             uint256 totalFiles,
    |             ^^^^^^^^^^^^^^^^^^
Note: The shadowed declaration is here:
   --> contracts/connectors/DecentralizedStorage
.sol:104:5:
    |
104 |     uint256 public totalFiles;
    |     ^^^^^^^^^^^^^^^^^^^^^^^^^


[1m[33mWarning:[39m[22m This declaration 
shadows an existing declaration.
   --> contracts/connectors/DecentralizedStorage
.sol:397:13:
    |
397 |             uint256 totalStorage
    |             ^^^^^^^^^^^^^^^^^^^^
Note: The shadowed declaration is here:
   --> contracts/connectors/DecentralizedStorage
.sol:105:5:
    |
105 |     uint256 public totalStorage; // bytes
    |     ^^^^^^^^^^^^^^^^^^^^^^^^^^^


[1m[33mWarning:[39m[22m This declaration 
shadows an existing declaration.
   --> contracts/core/UnykornDNACore.sol:459:13:
    |
459 |             bool emergencyMode,
    |             ^^^^^^^^^^^^^^^^^^
Note: The shadowed declaration is here:
   --> contracts/core/UnykornDNACore.sol:122:5:
    |
122 |     bool public emergencyMode;
    |     ^^^^^^^^^^^^^^^^^^^^^^^^^


[1m[33mWarning:[39m[22m This declaration 
shadows an existing declaration.
   --> 
contracts/core/LifeLineOrchestrator.sol:476:13:
    |
476 |             ConsciousnessLevel 
consciousness,
    |             
^^^^^^^^^^^^^^^^^^^^^^^^^^^^^^^^
Note: The shadowed declaration is here:
   --> 
contracts/core/LifeLineOrchestrator.sol:103:5:
    |
103 |     ConsciousnessState public 
consciousness;
    |     
^^^^^^^^^^^^^^^^^^^^^^^^^^^^^^^^^^^^^^^


[1m[33mWarning:[39m[22m This declaration 
shadows an existing declaration.
   --> 
contracts/core/LifeLineOrchestrator.sol:551:13:
    |
551 |             uint256 aiInterventionCount,
    |             ^^^^^^^^^^^^^^^^^^^^^^^^^^^
Note: The shadowed declaration is here:
   --> 
contracts/core/LifeLineOrchestrator.sol:115:5:
    |
115 |     uint256 public aiInterventionCount;
    |     ^^^^^^^^^^^^^^^^^^^^^^^^^^^^^^^^^^


[1m[33mWarning:[39m[22m This declaration 
shadows an existing declaration.
   --> 
contracts/core/DemoOrchestrator.sol:239:9:
    |
239 |         uint256 stepsCompleted = 0;
    |         ^^^^^^^^^^^^^^^^^^^^^^
Note: The shadowed declaration is here:
   --> 
contracts/core/DemoOrchestrator.sol:235:13:
    |
235 |             uint256 stepsCompleted
    |             ^^^^^^^^^^^^^^^^^^^^^^


[1m[33mWarning:[39m[22m This declaration 
shadows an existing declaration.
   --> 
contracts/defi/InstitutionalDeFiHub.sol:502:13:
    |
502 |             uint256 totalValueLocked,
    |             ^^^^^^^^^^^^^^^^^^^^^^^^
Note: The shadowed declaration is here:
   --> 
contracts/defi/InstitutionalDeFiHub.sol:125:5:
    |
125 |     uint256 public totalValueLocked;
    |     ^^^^^^^^^^^^^^^^^^^^^^^^^^^^^^^


[1m[33mWarning:[39m[22m This declaration 
shadows an existing declaration.
   --> contracts/defi/InstitutionalLendingProtoc
ol.sol:454:13:
    |
454 |             uint256 activeLoans,
    |             ^^^^^^^^^^^^^^^^^^^
Note: The shadowed declaration is here:
   --> contracts/defi/InstitutionalLendingProtoc
ol.sol:121:5:
    |
121 |     uint256 public activeLoans;
    |     ^^^^^^^^^^^^^^^^^^^^^^^^^^


[1m[33mWarning:[39m[22m This declaration 
shadows an existing declaration.
   --> contracts/defi/InstitutionalLendingProtoc
ol.sol:455:13:
    |
455 |             uint256 defaultedLoans,
    |             ^^^^^^^^^^^^^^^^^^^^^^
Note: The shadowed declaration is here:
   --> contracts/defi/InstitutionalLendingProtoc
ol.sol:122:5:
    |
122 |     uint256 public defaultedLoans;
    |     ^^^^^^^^^^^^^^^^^^^^^^^^^^^^^


[1m[33mWarning:[39m[22m This declaration 
shadows an existing declaration.
   --> contracts/monitoring/FundUsageTracker.sol
:382:13:
    |
382 |             uint256 totalTransactions
    |             ^^^^^^^^^^^^^^^^^^^^^^^^^
Note: The shadowed declaration is here:
   --> 
contracts/monitoring/FundUsageTracker.sol:123:5:
    |
123 |     uint256 public totalTransactions;
    |     ^^^^^^^^^^^^^^^^^^^^^^^^^^^^^^^^


[1m[33mWarning:[39m[22m This declaration 
shadows an existing declaration.
   --> 
contracts/monitoring/SystemAnalytics.sol:283:13:
    |
283 |             uint256 activeUsers,
    |             ^^^^^^^^^^^^^^^^^^^
Note: The shadowed declaration is here:
  --> 
contracts/monitoring/SystemAnalytics.sol:60:5:
   |
60 |     EnumerableSet.AddressSet private 
activeUsers;
   |     
^^^^^^^^^^^^^^^^^^^^^^^^^^^^^^^^^^^^^^^^^^^^


[1m[33mWarning:[39m[22m This declaration 
shadows an existing declaration.
   --> 
contracts/monitoring/SystemAnalytics.sol:308:13:
    |
308 |             uint256 activeUsers,
    |             ^^^^^^^^^^^^^^^^^^^
Note: The shadowed declaration is here:
  --> 
contracts/monitoring/SystemAnalytics.sol:60:5:
   |
60 |     EnumerableSet.AddressSet private 
activeUsers;
   |     
^^^^^^^^^^^^^^^^^^^^^^^^^^^^^^^^^^^^^^^^^^^^


[1m[33mWarning:[39m[22m This declaration 
shadows an existing declaration.
   --> contracts/procedures/ImplementationProced
ures.sol:424:13:
    |
424 |             uint256 totalExecutions,
    |             ^^^^^^^^^^^^^^^^^^^^^^^
Note: The shadowed declaration is here:
   --> contracts/procedures/ImplementationProced
ures.sol:118:5:
    |
118 |     uint256 public totalExecutions;
    |     ^^^^^^^^^^^^^^^^^^^^^^^^^^^^^^


[1m[33mWarning:[39m[22m This declaration 
shadows an existing declaration.
   --> contracts/risk/BaselIIIComplianceEngine.s
ol:477:9:
    |
477 |         uint256 riskWeightedAmount = 
(position.exposureAmount * riskWeightBP) / 
BASIS_POINTS;
    |         ^^^^^^^^^^^^^^^^^^^^^^^^^^
Note: The shadowed declaration is here:
   --> contracts/risk/BaselIIIComplianceEngine.s
ol:471:13:
    |
471 |             uint256 riskWeightedAmount,
    |             ^^^^^^^^^^^^^^^^^^^^^^^^^^


[1m[33mWarning:[39m[22m This declaration 
shadows an existing declaration.
   --> contracts/rwa/RenewableEnergyTokenization
.sol:426:13:
    |
426 |             uint256 totalCapacity,
    |             ^^^^^^^^^^^^^^^^^^^^^
Note: The shadowed declaration is here:
   --> contracts/rwa/RenewableEnergyTokenization
.sol:113:5:
    |
113 |     uint256 public totalCapacity;      // 
Total energy capacity
    |     ^^^^^^^^^^^^^^^^^^^^^^^^^^^^


[1m[33mWarning:[39m[22m This declaration 
shadows a builtin symbol.
   --> 
contracts/security/PrivacyLayer.sol:237:9:
    |
237 |         ConfidentialTransaction storage 
tx = transactions[txHash];
    |         ^^^^^^^^^^^^^^^^^^^^^^^^^^^^^^^^^^


[1m[33mWarning:[39m[22m This declaration 
shadows an existing declaration.
   --> contracts/security/QuantumResistantCrypto
graphy.sol:234:9:
    |
234 |         bytes memory encryptedData = new 
bytes(data.length);
    |         ^^^^^^^^^^^^^^^^^^^^^^^^^^
Note: The shadowed declaration is here:
  --> contracts/security/QuantumResistantCryptog
raphy.sol:71:5:
   |
71 |     mapping(bytes32 => EncryptedData) 
public encryptedData;
   |     ^^^^^^^^^^^^^^^^^^^^^^^^^^^^^^^^^^^^^^^
^^^^^^^^^^^^^^^


[1m[33mWarning:[39m[22m This declaration 
shadows an existing declaration.
   --> 
contracts/ubi/UniversalBasicIncome.sol:269:9:
    |
269 |         uint256 totalDistributed = 0;
    |         ^^^^^^^^^^^^^^^^^^^^^^^^
Note: The shadowed declaration is here:
  --> 
contracts/ubi/UniversalBasicIncome.sol:80:5:
   |
80 |     uint256 public totalDistributed;
   |     ^^^^^^^^^^^^^^^^^^^^^^^^^^^^^^^


[1m[33mWarning:[39m[22m This declaration 
shadows an existing declaration.
   --> contracts/validation/AlgorithmicVerificat
ion.sol:287:13:
    |
287 |             uint256 totalRequests,
    |             ^^^^^^^^^^^^^^^^^^^^^
Note: The shadowed declaration is here:
  --> contracts/validation/AlgorithmicVerificati
on.sol:88:5:
   |
88 |     uint256 public totalRequests;
   |     ^^^^^^^^^^^^^^^^^^^^^^^^^^^^


[1m[33mWarning:[39m[22m This declaration 
shadows an existing declaration.
   --> contracts/validation/ThirdPartyValidation
.sol:369:13:
    |
369 |             uint256 totalRequests,
    |             ^^^^^^^^^^^^^^^^^^^^^
Note: The shadowed declaration is here:
   --> contracts/validation/ThirdPartyValidation
.sol:120:5:
    |
120 |     uint256 public totalRequests;
    |     ^^^^^^^^^^^^^^^^^^^^^^^^^^^^


[1m[31mTypeError:[39m[22m Functions in 
interfaces must be declared external.
  --> contracts/settlement/rails/IRail.sol:21:5:
   |
21 |     function kind() public pure returns 
(Kind);
   |     
^^^^^^^^^^^^^^^^^^^^^^^^^^^^^^^^^^^^^^^^^^^


[1m[31mTypeError:[39m[22m Functions in 
interfaces must be declared external.
  --> contracts/settlement/rails/IRail.sol:22:5:
   |
22 |     function transferId(Transfer calldata 
t) public pure returns (bytes32);
   |     ^^^^^^^^^^^^^^^^^^^^^^^^^^^^^^^^^^^^^^^
^^^^^^^^^^^^^^^^^^^^^^^^^^^^^^^^


[1m[31mTypeError:[39m[22m Functions in 
interfaces must be declared external.
  --> contracts/settlement/rails/IRail.sol:23:5:
   |
23 |     function prepare(Transfer calldata t) 
public payable;
   |     ^^^^^^^^^^^^^^^^^^^^^^^^^^^^^^^^^^^^^^^
^^^^^^^^^^^^^^


[1m[31mTypeError:[39m[22m Functions in 
interfaces must be declared external.
  --> contracts/settlement/rails/IRail.sol:26:5:
   |
26 |     function status(bytes32 id) public 
view returns (Status);
   |     ^^^^^^^^^^^^^^^^^^^^^^^^^^^^^^^^^^^^^^^
^^^^^^^^^^^^^^^^^^


[1m[31mTypeError:[39m[22m Type struct 
FundUsageTracker.SpendingPattern memory is only 
valid in storage because it contains a (nested) 
mapping.
   --> 
contracts/monitoring/FundUsageTracker.sol:327:9:
    |
327 |         SpendingPattern memory pattern = 
spendingPatterns[_citizenId];
    |         ^^^^^^^^^^^^^^^^^^^^^^^^^^^^^^


[31m[1mError[22m[39m 
[31m[1mHH600:[22m[39m Compilation failed
For more info go to 
https://v2.hardhat.org/HH600 or run Hardhat 
with --show-stack-traces

