
> regulatory-compliant-stablecoin@1.0.0 compile
> hardhat compile

node.exe : [1m[33mWarning:[39m[22m This declaration shadows a 
builtin symbol.
At line:1 char:1
+ & "C:\Program Files\nodejs/node.exe" "C:\Program 
Files\nodejs/node_mo ...
+ 
~~~~~~~~~~~~~~~~~~~~~~~~~~~~~~~~~~~~~~~~~~~~~~~~~~~~~~~~~~~~~~~~~~~~~
    + CategoryInfo          : NotSpecified: ([1m[33mWarnin...builti 
   n symbol.:String) [], RemoteException
    + FullyQualifiedErrorId : NativeCommandError
 
   --> contracts/DNASequencer.sol:197:13:
    |
197 |             Transaction storage tx = transactions[txHash];
    |             ^^^^^^^^^^^^^^^^^^^^^^


[1m[33mWarning:[39m[22m This declaration shadows a builtin symbol.
   --> contracts/DNASequencer.sol:255:9:
    |
255 |         Transaction storage tx = transactions[txHash];
    |         ^^^^^^^^^^^^^^^^^^^^^^


[1m[33mWarning:[39m[22m This declaration shadows an existing 
declaration.
   --> contracts/ai/AIAgentRegistry.sol:226:13:
    |
226 |             uint256 capabilities,
    |             ^^^^^^^^^^^^^^^^^^^^
Note: The shadowed declaration is here:
  --> contracts/ai/AIAgentRegistry.sol:60:5:
   |
60 |     mapping(bytes32 => AgentCapability) public capabilities;
   |     ^^^^^^^^^^^^^^^^^^^^^^^^^^^^^^^^^^^^^^^^^^^^^^^^^^^^^^^


[1m[33mWarning:[39m[22m This declaration shadows an existing 
declaration.
   --> contracts/algorithms/ArbitrageEngine.sol:390:13:
    |
390 |             uint256 minProfitThreshold,
    |             ^^^^^^^^^^^^^^^^^^^^^^^^^^
Note: The shadowed declaration is here:
   --> contracts/algorithms/ArbitrageEngine.sol:106:5:
    |
106 |     uint256 public minProfitThreshold = 50;     // 0.5% BPS
    |     ^^^^^^^^^^^^^^^^^^^^^^^^^^^^^^^^^^^^^^


[1m[33mWarning:[39m[22m This declaration shadows a builtin symbol.
   --> contracts/cbdc/CBDCInfrastructure.sol:217:9:
    |
217 |         ProgrammableTransaction storage tx = 
programmableTransactions[txId];
    |         ^^^^^^^^^^^^^^^^^^^^^^^^^^^^^^^^^^


[1m[33mWarning:[39m[22m This declaration shadows a builtin symbol.
   --> contracts/cbdc/CBDCInfrastructure.sol:239:9:
    |
239 |         ProgrammableTransaction storage tx = 
programmableTransactions[_txId];
    |         ^^^^^^^^^^^^^^^^^^^^^^^^^^^^^^^^^^


[1m[33mWarning:[39m[22m This declaration shadows a builtin symbol.
   --> contracts/cbdc/CBDCInfrastructure.sol:334:9:
    |
334 |         ProgrammableTransaction memory tx = 
programmableTransactions[_txId];
    |         ^^^^^^^^^^^^^^^^^^^^^^^^^^^^^^^^^


[1m[33mWarning:[39m[22m This declaration shadows an existing 
declaration.
   --> contracts/cbdc/PolicyEngine.sol:126:9:
    |
126 |         bytes32[] calldata conditions,
    |         ^^^^^^^^^^^^^^^^^^^^^^^^^^^^^
Note: The shadowed declaration is here:
  --> contracts/cbdc/PolicyEngine.sol:76:5:
   |
76 |     mapping(bytes32 => Condition) public conditions;
   |     ^^^^^^^^^^^^^^^^^^^^^^^^^^^^^^^^^^^^^^^^^^^^^^^


[1m[33mWarning:[39m[22m This declaration shadows an existing 
declaration.
   --> contracts/cbdc/PolicyEngine.sol:127:9:
    |
127 |         bytes32[] calldata actions,
    |         ^^^^^^^^^^^^^^^^^^^^^^^^^^
Note: The shadowed declaration is here:
  --> contracts/cbdc/PolicyEngine.sol:77:5:
   |
77 |     mapping(bytes32 => Action) public actions;
   |     ^^^^^^^^^^^^^^^^^^^^^^^^^^^^^^^^^^^^^^^^^


[1m[33mWarning:[39m[22m This declaration shadows an existing 
declaration.
   --> contracts/connectors/BlockchainInteroperability.sol:356:13:
    |
356 |             uint256 maxTransferAmount,
    |             ^^^^^^^^^^^^^^^^^^^^^^^^^
Note: The shadowed declaration is here:
   --> contracts/connectors/BlockchainInteroperability.sol:111:5:
    |
111 |     uint256 public maxTransferAmount = 1000 ether;
    |     ^^^^^^^^^^^^^^^^^^^^^^^^^^^^^^^^^^^^^^^^^^^^^


[1m[33mWarning:[39m[22m This declaration shadows an existing 
declaration.
   --> contracts/connectors/DecentralizedStorage.sol:402:13:
    |
402 |             uint256 totalFiles,
    |             ^^^^^^^^^^^^^^^^^^
Note: The shadowed declaration is here:
   --> contracts/connectors/DecentralizedStorage.sol:104:5:
    |
104 |     uint256 public totalFiles;
    |     ^^^^^^^^^^^^^^^^^^^^^^^^^


[1m[33mWarning:[39m[22m This declaration shadows an existing 
declaration.
   --> contracts/connectors/DecentralizedStorage.sol:403:13:
    |
403 |             uint256 totalStorage
    |             ^^^^^^^^^^^^^^^^^^^^
Note: The shadowed declaration is here:
   --> contracts/connectors/DecentralizedStorage.sol:105:5:
    |
105 |     uint256 public totalStorage; // bytes
    |     ^^^^^^^^^^^^^^^^^^^^^^^^^^^


[1m[33mWarning:[39m[22m This declaration shadows an existing 
declaration.
   --> contracts/core/UnykornDNACore.sol:471:13:
    |
471 |             bool emergencyMode,
    |             ^^^^^^^^^^^^^^^^^^
Note: The shadowed declaration is here:
   --> contracts/core/UnykornDNACore.sol:122:5:
    |
122 |     bool public emergencyMode;
    |     ^^^^^^^^^^^^^^^^^^^^^^^^^


[1m[33mWarning:[39m[22m This declaration shadows an existing 
declaration.
   --> contracts/core/ChainInfrastructure.sol:422:9:
    |
422 |         uint256 activeGroups,
    |         ^^^^^^^^^^^^^^^^^^^^
Note: The shadowed declaration is here:
   --> contracts/core/ChainInfrastructure.sol:106:5:
    |
106 |     bytes32[] public activeGroups;
    |     ^^^^^^^^^^^^^^^^^^^^^^^^^^^^^


[1m[33mWarning:[39m[22m This declaration shadows an existing 
declaration.
   --> contracts/core/LifeLineOrchestrator.sol:482:13:
    |
482 |             ConsciousnessLevel consciousness,
    |             ^^^^^^^^^^^^^^^^^^^^^^^^^^^^^^^^
Note: The shadowed declaration is here:
   --> contracts/core/LifeLineOrchestrator.sol:103:5:
    |
103 |     ConsciousnessState public consciousness;
    |     ^^^^^^^^^^^^^^^^^^^^^^^^^^^^^^^^^^^^^^^


[1m[33mWarning:[39m[22m This declaration shadows an existing 
declaration.
   --> contracts/core/LifeLineOrchestrator.sol:560:13:
    |
560 |             uint256 activeEvolutionPaths,
    |             ^^^^^^^^^^^^^^^^^^^^^^^^^^^^
Note: The shadowed declaration is here:
   --> contracts/core/LifeLineOrchestrator.sol:110:5:
    |
110 |     bytes32[] public activeEvolutionPaths;
    |     ^^^^^^^^^^^^^^^^^^^^^^^^^^^^^^^^^^^^^


[1m[33mWarning:[39m[22m This declaration shadows an existing 
declaration.
   --> contracts/core/LifeLineOrchestrator.sol:561:13:
    |
561 |             uint256 aiInterventionCount,
    |             ^^^^^^^^^^^^^^^^^^^^^^^^^^^
Note: The shadowed declaration is here:
   --> contracts/core/LifeLineOrchestrator.sol:115:5:
    |
115 |     uint256 public aiInterventionCount;
    |     ^^^^^^^^^^^^^^^^^^^^^^^^^^^^^^^^^^


[1m[33mWarning:[39m[22m This declaration shadows an existing 
declaration.
   --> contracts/core/DemoOrchestrator.sol:245:9:
    |
245 |         uint256 stepsCompleted = 0;
    |         ^^^^^^^^^^^^^^^^^^^^^^
Note: The shadowed declaration is here:
   --> contracts/core/DemoOrchestrator.sol:241:13:
    |
241 |             uint256 stepsCompleted
    |             ^^^^^^^^^^^^^^^^^^^^^^


[1m[33mWarning:[39m[22m This declaration shadows an existing 
declaration.
   --> contracts/defi/InstitutionalDeFiHub.sol:508:13:
    |
508 |             uint256 totalValueLocked,
    |             ^^^^^^^^^^^^^^^^^^^^^^^^
Note: The shadowed declaration is here:
   --> contracts/defi/InstitutionalDeFiHub.sol:125:5:
    |
125 |     uint256 public totalValueLocked;
    |     ^^^^^^^^^^^^^^^^^^^^^^^^^^^^^^^


[1m[33mWarning:[39m[22m This declaration shadows an existing 
declaration.
   --> contracts/defi/InstitutionalLendingProtocol.sol:460:13:
    |
460 |             uint256 activeLoans,
    |             ^^^^^^^^^^^^^^^^^^^
Note: The shadowed declaration is here:
   --> contracts/defi/InstitutionalLendingProtocol.sol:121:5:
    |
121 |     uint256 public activeLoans;
    |     ^^^^^^^^^^^^^^^^^^^^^^^^^^


[1m[33mWarning:[39m[22m This declaration shadows an existing 
declaration.
   --> contracts/defi/InstitutionalLendingProtocol.sol:461:13:
    |
461 |             uint256 defaultedLoans,
    |             ^^^^^^^^^^^^^^^^^^^^^^
Note: The shadowed declaration is here:
   --> contracts/defi/InstitutionalLendingProtocol.sol:122:5:
    |
122 |     uint256 public defaultedLoans;
    |     ^^^^^^^^^^^^^^^^^^^^^^^^^^^^^


[1m[33mWarning:[39m[22m This declaration shadows an existing 
declaration.
   --> contracts/monitoring/FundUsageTracker.sol:389:13:
    |
389 |             uint256 totalTransactions
    |             ^^^^^^^^^^^^^^^^^^^^^^^^^
Note: The shadowed declaration is here:
   --> contracts/monitoring/FundUsageTracker.sol:122:5:
    |
122 |     uint256 public totalTransactions;
    |     ^^^^^^^^^^^^^^^^^^^^^^^^^^^^^^^^


[1m[33mWarning:[39m[22m This declaration shadows an existing 
declaration.
   --> contracts/monitoring/SystemAnalytics.sol:295:13:
    |
295 |             uint256 activeUsers,
    |             ^^^^^^^^^^^^^^^^^^^
Note: The shadowed declaration is here:
  --> contracts/monitoring/SystemAnalytics.sol:60:5:
   |
60 |     EnumerableSet.AddressSet private activeUsers;
   |     ^^^^^^^^^^^^^^^^^^^^^^^^^^^^^^^^^^^^^^^^^^^^


[1m[33mWarning:[39m[22m This declaration shadows an existing 
declaration.
   --> contracts/monitoring/SystemAnalytics.sol:322:13:
    |
322 |             uint256 activeUsers,

    |             ^^^^^^^^^^^^^^^^^^^
Note: The shadowed declaration is here:
  --> contracts/monitoring/SystemAnalytics.sol:60:5:
   |
60 |     EnumerableSet.AddressSet private activeUsers;
   |     ^^^^^^^^^^^^^^^^^^^^^^^^^^^^^^^^^^^^^^^^^^^^


[1m[33mWarning:[39m[22m This declaration shadows an existing 
declaration.
   --> contracts/procedures/ImplementationProcedures.sol:436:13:
    |
436 |             uint256 totalExecutions,
    |             ^^^^^^^^^^^^^^^^^^^^^^^
Note: The shadowed declaration is here:
   --> contracts/procedures/ImplementationProcedures.sol:118:5:
    |
118 |     uint256 public totalExecutions;
    |     ^^^^^^^^^^^^^^^^^^^^^^^^^^^^^^


[1m[33mWarning:[39m[22m This declaration shadows an existing 
declaration.
   --> contracts/risk/BaselIIIComplianceEngine.sol:481:9:
    |
481 |         uint256 riskWeightedAmount = (position.exposureAmount * 
riskWeightBP) / BASIS_POINTS;
    |         ^^^^^^^^^^^^^^^^^^^^^^^^^^
Note: The shadowed declaration is here:
   --> contracts/risk/BaselIIIComplianceEngine.sol:475:13:
    |
475 |             uint256 riskWeightedAmount,
    |             ^^^^^^^^^^^^^^^^^^^^^^^^^^


[1m[33mWarning:[39m[22m This declaration shadows an existing 
declaration.
   --> contracts/rwa/RenewableEnergyTokenization.sol:428:13:
    |
428 |             uint256 totalCapacity,
    |             ^^^^^^^^^^^^^^^^^^^^^
Note: The shadowed declaration is here:
   --> contracts/rwa/RenewableEnergyTokenization.sol:113:5:
    |
113 |     uint256 public totalCapacity;      // Total energy capacity
    |     ^^^^^^^^^^^^^^^^^^^^^^^^^^^^


[1m[33mWarning:[39m[22m This declaration shadows a builtin symbol.
   --> contracts/security/PrivacyLayer.sol:237:9:
    |
237 |         ConfidentialTransaction storage tx = 
transactions[txHash];
    |         ^^^^^^^^^^^^^^^^^^^^^^^^^^^^^^^^^^


[1m[33mWarning:[39m[22m This declaration shadows an existing 
declaration.
   --> contracts/security/QuantumResistantCryptography.sol:234:9:
    |
234 |         bytes memory encryptedData = new bytes(data.length);
    |         ^^^^^^^^^^^^^^^^^^^^^^^^^^
Note: The shadowed declaration is here:
  --> contracts/security/QuantumResistantCryptography.sol:71:5:
   |
71 |     mapping(bytes32 => EncryptedData) public encryptedData;
   |     ^^^^^^^^^^^^^^^^^^^^^^^^^^^^^^^^^^^^^^^^^^^^^^^^^^^^^^


[1m[33mWarning:[39m[22m This declaration shadows an existing 
declaration.
   --> contracts/ubi/UniversalBasicIncome.sol:269:9:
    |
269 |         uint256 totalDistributed = 0;
    |         ^^^^^^^^^^^^^^^^^^^^^^^^
Note: The shadowed declaration is here:
  --> contracts/ubi/UniversalBasicIncome.sol:80:5:
   |
80 |     uint256 public totalDistributed;
   |     ^^^^^^^^^^^^^^^^^^^^^^^^^^^^^^^


[1m[33mWarning:[39m[22m This declaration shadows an existing 
declaration.
   --> contracts/validation/AlgorithmicVerification.sol:297:13:
    |
297 |             uint256 totalRequests,
    |             ^^^^^^^^^^^^^^^^^^^^^
Note: The shadowed declaration is here:
  --> contracts/validation/AlgorithmicVerification.sol:88:5:
   |
88 |     uint256 public totalRequests;
   |     ^^^^^^^^^^^^^^^^^^^^^^^^^^^^


[1m[33mWarning:[39m[22m This declaration shadows an existing 
declaration.
   --> contracts/validation/ThirdPartyValidation.sol:383:13:
    |
383 |             uint256 totalRequests,
    |             ^^^^^^^^^^^^^^^^^^^^^
Note: The shadowed declaration is here:
   --> contracts/validation/ThirdPartyValidation.sol:120:5:
    |
120 |     uint256 public totalRequests;
    |     ^^^^^^^^^^^^^^^^^^^^^^^^^^^^


[1m[31mDeclarationError:[39m[22m Undeclared identifier. 
"configureJurisdiction" is not (or not yet) visible at this point.
   --> contracts/compliance/RegulatoryReporting.sol:322:9:
    |
322 |         configureJurisdiction(
    |         ^^^^^^^^^^^^^^^^^^^^^


[1m[31mDeclarationError:[39m[22m Undeclared identifier. 
"configureJurisdiction" is not (or not yet) visible at this point.
   --> contracts/compliance/RegulatoryReporting.sol:331:9:
    |
331 |         configureJurisdiction(
    |         ^^^^^^^^^^^^^^^^^^^^^


[1m[31mDeclarationError:[39m[22m Undeclared identifier. 
"configureJurisdiction" is not (or not yet) visible at this point.
   --> contracts/compliance/RegulatoryReporting.sol:340:9:
    |
340 |         configureJurisdiction(
    |         ^^^^^^^^^^^^^^^^^^^^^


[1m[31mDeclarationError:[39m[22m Undeclared identifier. 
"createFilingObligation" is not (or not yet) visible at this point.
   --> contracts/compliance/RegulatoryReporting.sol:351:9:
    |
351 |         createFilingObligation(
    |         ^^^^^^^^^^^^^^^^^^^^^^


[1m[31mDeclarationError:[39m[22m Undeclared identifier. 
"createFilingObligation" is not (or not yet) visible at this point.
   --> contracts/compliance/RegulatoryReporting.sol:360:9:
    |
360 |         createFilingObligation(
    |         ^^^^^^^^^^^^^^^^^^^^^^


[1m[31mDeclarationError:[39m[22m Undeclared identifier. 
"createFilingObligation" is not (or not yet) visible at this point.
   --> contracts/compliance/RegulatoryReporting.sol:369:9:
    |
369 |         createFilingObligation(
    |         ^^^^^^^^^^^^^^^^^^^^^^


[31m[1mError[22m[39m [31m[1mHH600:[22m[39m Compilation failed
For more info go to https://v2.hardhat.org/HH600 or run Hardhat with 
--show-stack-traces
